[INFO] Scanning for projects...
[INFO] 
[INFO] -----------------------< com.example:event-java >-----------------------
[INFO] Building event-java 0.0.1-SNAPSHOT
[INFO] --------------------------------[ jar ]---------------------------------
[INFO] 
[INFO] --- maven-clean-plugin:2.5:clean (default-clean) @ event-java ---
[INFO] Deleting C:\Users\rawat\Event-Java\target
[INFO] 
[INFO] --- maven-resources-plugin:3.2.0:resources (default-resources) @ event-java ---
[INFO] Using 'UTF-8' encoding to copy filtered resources.
[INFO] Using 'UTF-8' encoding to copy filtered properties files.
[INFO] Copying 2 resources
[INFO] 
[INFO] --- maven-compiler-plugin:3.10.1:compile (default-compile) @ event-java ---
[INFO] Changes detected - recompiling the module!
[INFO] Compiling 12 source files to C:\Users\rawat\Event-Java\target\classes
[INFO] 
[INFO] --- maven-resources-plugin:3.2.0:testResources (default-testResources) @ event-java ---
[INFO] Using 'UTF-8' encoding to copy filtered resources.
[INFO] Using 'UTF-8' encoding to copy filtered properties files.
[INFO] skip non existing resourceDirectory C:\Users\rawat\Event-Java\src\test\resources
[INFO] 
[INFO] --- maven-compiler-plugin:3.10.1:testCompile (default-testCompile) @ event-java ---
[INFO] Changes detected - recompiling the module!
[INFO] Compiling 3 source files to C:\Users\rawat\Event-Java\target\test-classes
[INFO] 
[INFO] --- micronaut-maven-plugin:3.5.4:start-testresources-service (default-start-testresources-service) @ event-java ---
[INFO] 
[INFO] --- maven-surefire-plugin:2.22.2:test (default-test) @ event-java ---
[INFO] 
[INFO] -------------------------------------------------------
[INFO]  T E S T S
[INFO] -------------------------------------------------------
[INFO] Running com.example.eventjava.controller.ApplicationControllerTest
mvn : SLF4J: Failed to load class "org.slf4j.impl.StaticLoggerBinder".
At line:1 char:1
+ mvn clean test 2>&1 | Tee-Object -FilePath "C:\Users\rawat\Event-Java ...
+ ~~~~~~~~~~~~~~~~~~~
    + CategoryInfo          : NotSpecified: (SLF4J: Failed t...cLoggerBinder". 
   :String) [], RemoteException
    + FullyQualifiedErrorId : NativeCommandError
 
SLF4J: Defaulting to no-operation (NOP) logger implementation
SLF4J: See http://www.slf4j.org/codes.html#StaticLoggerBinder for further 
details.
Received create application request: com.example.eventjava.model.CreateApplicationRequest@3aacf32a
Created application response: com.example.eventjava.model.CreateApplicationResponse@4fdfa676
Received close application request for appId: APP123
Closed application: com.example.eventjava.model.Application@7db0565c
Received close application request for appId: MISSING
Application not found: MISSING
[INFO] Tests run: 9, Failures: 0, Errors: 0, Skipped: 0, Time elapsed: 1.525 s - in com.example.eventjava.controller.ApplicationControllerTest
[INFO] Running com.example.eventjava.controller.DLQControllerTest
[INFO] Tests run: 4, Failures: 0, Errors: 0, Skipped: 0, Time elapsed: 0.19 s - in com.example.eventjava.controller.DLQControllerTest
[INFO] Running com.example.eventjava.service.ApplicationServiceTest
[INFO] Tests run: 11, Failures: 0, Errors: 0, Skipped: 0, Time elapsed: 0.154 s - in com.example.eventjava.service.ApplicationServiceTest
[INFO] 
[INFO] Results:
[INFO] 
[INFO] Tests run: 24, Failures: 0, Errors: 0, Skipped: 0
[INFO] 
[INFO] ------------------------------------------------------------------------
[INFO] BUILD SUCCESS
[INFO] ------------------------------------------------------------------------
[INFO] Total time:  16.227 s
[INFO] Finished at: 2026-04-08T14:40:50+05:30
[INFO] ------------------------------------------------------------------------
